1459188646 7070 7070
1459188646 7070 7070 7070 7070
1459188349 7092 7092 7092 7092
1459188300 7097 7097 7126 7126
1459188000 7122 7122 7126 7126
1459187700 7101 7101 7103 7103
1459187400 7086 7086 7092 7092
1459187100 7054 7054 7058 7058
1459186800 7034 7034 7036 7036
1459186500 7023 7023 7025 7025
1459186200 7011 7011 7013 7013
1459185900 7000 7000 7002 7002
1459185600 6987 6987 6991 6991
1459185300 6966 6966 6968 6968
1459185000 6955 6955 6957 6957
1459184700 6942 6942 6946 6946
1459184400 6919 6919 6923 6923
1459184100 6893 6893 6901 6901
1459183800 6854 6854 6856 6856
1459183500 6841 6841 6845 6845
1459183200 6820 6820 6822 6822
1459182900 6807 6807 6811 6811
1459182600 6786 6786 6788 6788
1459182300 6775 6775 6777 6777
1459182000 6764 6764 6766 6766
1459181700 6751 6751 6755 6755
1459181400 6726 6726 6732 6732
1459181100 6694 6694 6698 6698
1459180800 6672 6672 6676 6676
1459180500 6651 6651 6653 6653
1459180200 6638 6638 6642 6642
1459179900 6616 6616 6620 6620
1459179600 6595 6595 6597 6597
1459179300 6582 6582 6586 6586
1459179000 6557 6557 6563 6563
1459178700 6526 6526 6530 6530
1459178400 6503 6503 6507 6507
1459178100 6482 6482 6484 6484
1459177800 6471 6471 6473 6473
1459177500 6460 6460 6462 6462
1459177200 6449 6449 6451 6451
1459176900 6440 6440 6440 6440
1459176600 6440 6440 6440 6440
1459176300 6441 6441 6451 6451
1459176000 6451 6451 6451 6451
1459175700 6451 6451 6451 6451
1459175400 6452 6452 6462 6462
1459175100 6460 6460 6462 6462
1459174800 6452 6452 6462 6462
1459174500 6463 6463 6473 6473
1459174200 6473 6473 6473 6473
1459173900 6474 6474 6484 6484
1459173600 6485 6485 6496 6496
1459173300 6497 6497 6507 6507
1459173000 6507 6507 6507 6507
1459172700 6507 6507 6507 6507
1459172400 6508 6508 6518 6518
1459172100 6519 6519 6530 6530
1459171800 6530 6530 6530 6530
1459171500 6530 6530 6530 6530
1459171200 6531 6531 6541 6541
1459170900 6541 6541 6541 6541
1459170600 6542 6542 6552 6552
1459170300 6552 6552 6552 6552
1459170000 6553 6553 6563 6563
1459169700 6563 6563 6563 6563
1459169400 6565 6565 6575 6575
1459169100 6576 6576 6586 6586
1459168800 6586 6586 6586 6586
1459168500 6587 6587 6597 6597
1459168200 6597 6597 6597 6597
1459167900 6598 6598 6608 6608
1459167600 6609 6609 6620 6620
1459167300 6621 6621 6631 6631
1459167000 6632 6632 6642 6642
1459166700 6643 6643 6653 6653
1459166400 6654 6654 6665 6665
1459166100 6666 6666 6676 6676
1459165800 6677 6677 6687 6687
1459165500 6688 6688 6698 6698
1459165200 6698 6698 6698 6698
1459164900 6699 6699 6709 6709
1459164600 6710 6710 6721 6721
1459164300 6722 6722 6732 6732
1459164000 6733 6733 6743 6743
1459163700 6744 6744 6755 6755
1459163400 6755 6755 6755 6755
1459163100 6756 6756 6766 6766
1459162800 6767 6767 6777 6777
1459162500 6778 6778 6788 6788
1459162200 6789 6789 6800 6800
1459161900 6801 6801 6811 6811
1459161600 6812 6812 6822 6822
1459161300 6823 6823 6833 6833
1459161000 6834 6834 6845 6845
1459160700 6848 6848 6867 6867
1459160400 6867 6867 6867 6867
1459160100 6870 6870 6890 6890
1459159800 6890 6890 6890 6890
1459159500 6891 6891 6901 6901
1459159200 6902 6902 6912 6912
1459158900 6913 6913 6923 6923
1459158600 6923 6923 6923 6923
1459158300 6926 6926 6946 6946
1459158000 6946 6946 6946 6946
1459157700 6949 6949 6968 6968
1459157400 6969 6969 6980 6980
1459157100 6981 6981 6991 6991
1459156800 6992 6992 7002 7002
1459156500 7003 7003 7013 7013
1459156200 7016 7016 7036 7036
1459155900 7036 7036 7036 7036
1459155600 7039 7039 7058 7058
1459155300 7059 7059 7070 7070
1459155000 7071 7071 7081 7081
1459154700 7082 7082 7092 7092
1459154400 7093 7093 7103 7103
1459154100 7104 7104 7115 7115
1459153800 7116 7116 7126 7126
1459153500 7129 7129 7148 7148
1459153200 7149 7149 7159 7159
1459152900 7160 7160 7171 7171
1459152600 7172 7172 7182 7182
1459152300 7183 7183 7193 7193
1459152000 7194 7194 7205 7205
1459151700 7208 7208 7227 7227
1459151400 7228 7228 7238 7238
1459151100 7239 7239 7250 7250
1459150800 7251 7251 7261 7261
1459150500 7262 7262 7272 7272
1459150200 7275 7275 7295 7295
1459149900 7296 7296 7306 7306
1459149600 7307 7307 7317 7317
1459149300 7318 7318 7328 7328
1459149000 7329 7329 7340 7340
1459148700 7341 7341 7351 7351
1459148400 7352 7352 7362 7362
1459148100 7363 7363 7373 7373
1459147800 7374 7374 7384 7384
1459147500 7385 7385 7396 7396
1459147200 7397 7397 7407 7407
1459146900 7408 7408 7418 7418
1459146600 7419 7419 7430 7430
1459146300 7431 7431 7441 7441
1459146000 7444 7444 7463 7463
1459145700 7464 7464 7475 7475
1459145400 7476 7476 7486 7486
1459145100 7489 7489 7508 7508
1459144800 7510 7510 7520 7520
1459144500 7521 7521 7531 7531
1459144200 7536 7536 7565 7565
1459143900 7566 7566 7576 7576
1459143600 7579 7579 7598 7598
1459143300 7599 7599 7609 7609
1459143000 7610 7610 7621 7621
1459142700 7622 7622 7632 7632
1459142400 7633 7633 7643 7643
1459142100 7644 7644 7655 7655
1459141800 7658 7658 7677 7677
1459141500 7680 7680 7700 7700
1459141200 7698 7698 7700 7700
1459140900 7686 7686 7688 7688
1459140600 7675 7675 7677 7677
1459140300 7666 7666 7666 7666
1459140000 7667 7667 7677 7677
1459139700 7677 7677 7677 7677
1459139400 7677 7677 7677 7677
1459139100 7677 7677 7677 7677
1459138800 7677 7677 7677 7677
1459138500 7677 7677 7677 7677
1459138200 7677 7677 7677 7677
1459137900 7678 7678 7688 7688
1459137600 7688 7688 7688 7688
1459137300 7686 7686 7688 7688
1459137000 7678 7678 7688 7688
1459136700 7688 7688 7688 7688
1459136400 7688 7688 7688 7688
1459136100 7688 7688 7688 7688
1459135800 7686 7686 7688 7688
1459135500 7678 7678 7688 7688
1459135200 7686 7686 7688 7688
1459134900 7675 7675 7677 7677
1459134600 7664 7664 7666 7666
1459134300 7653 7653 7655 7655
1459134000 7641 7641 7643 7643
1459133700 7630 7630 7632 7632
1459133400 7619 7619 7621 7621
1459133100 7609 7609 7609 7609
1459132800 7605 7605 7609 7609
1459132500 7585 7585 7587 7587
1459132200 7574 7574 7576 7576
1459131900 7563 7563 7565 7565
1459131600 7551 7551 7553 7553
1459131300 7540 7540 7542 7542
1459131000 7529 7529 7531 7531
1459130700 7516 7516 7520 7520
1459130400 7495 7495 7497 7497
1459130100 7484 7484 7486 7486
1459129800 7473 7473 7475 7475
1459129500 7461 7461 7463 7463
1459129200 7452 7452 7452 7452
1459128900 7452 7452 7452 7452
1459128600 7457 7457 7486 7486
1459128300 7493 7493 7531 7531
1459128000 7534 7534 7553 7553
1459127700 7556 7556 7576 7576
1459127400 7579 7579 7598 7598
1459127100 7601 7601 7621 7621
1459126800 7624 7624 7643 7643
1459126500 7646 7646 7666 7666
1459126200 7669 7669 7688 7688
1459125900 7689 7689 7700 7700
1459125600 7703 7703 7722 7722
1459125300 7725 7725 7745 7745
1459125000 7745 7745 7745 7745
1459124700 7741 7741 7745 7745
1459124400 7716 7716 7722 7722
1459124100 7686 7686 7688 7688
1459123800 7675 7675 7677 7677
1459123500 7662 7662 7666 7666
1459123200 7641 7641 7643 7643
1459122900 7628 7628 7632 7632
1459122600 7609 7609 7609 7609
1459122300 7605 7605 7609 7609
1459122000 7585 7585 7587 7587
1459121700 7572 7572 7576 7576
1459121400 7551 7551 7553 7553
1459121100 7540 7540 7542 7542
1459120800 7527 7527 7531 7531
1459120500 7504 7504 7508 7508
1459120200 7486 7486 7486 7486
1459119900 7482 7482 7486 7486
1459119600 7464 7464 7475 7475
1459119300 7480 7480 7508 7508
1459119000 7511 7511 7531 7531
1459118700 7534 7534 7553 7553
1459118400 7556 7556 7576 7576
1459118100 7581 7581 7609 7609
1459117800 7612 7612 7632 7632
1459117500 7633 7633 7643 7643
1459117200 7646 7646 7666 7666
1459116900 7667 7667 7677 7677
1459116600 7678 7678 7688 7688
1459116300 7688 7688 7688 7688
1459116000 7684 7684 7688 7688
1459115700 7664 7664 7666 7666
1459115400 7655 7655 7655 7655
1459115100 7653 7653 7655 7655
1459114800 7639 7639 7643 7643
1459114500 7619 7619 7621 7621
1459114200 7609 7609 7609 7609
1459113900 7605 7605 7609 7609
1459113600 7583 7583 7587 7587
1459113300 7563 7563 7565 7565
1459113000 7547 7547 7553 7553
1459112700 7520 7520 7520 7520
1459112400 7514 7514 7520 7520
1459112100 7482 7482 7486 7486
1459111800 7461 7461 7463 7463
1459111500 7450 7450 7452 7452
1459111200 7435 7435 7441 7441
1459110900 7405 7405 7407 7407
1459110600 7392 7392 7396 7396
1459110300 7371 7371 7373 7373
1459110000 7358 7358 7362 7362
1459109700 7336 7336 7340 7340
1459109400 7317 7317 7317 7317
1459109100 7317 7317 7317 7317
1459108800 7318 7318 7328 7328
1459108500 7324 7324 7328 7328
1459108200 7300 7300 7306 7306
1459107900 7272 7272 7272 7272
1459107600 7268 7268 7272 7272
1459107300 7250 7250 7250 7250
1459107000 7244 7244 7250 7250
1459106700 7216 7216 7216 7216
1459106400 7212 7212 7216 7216
1459106100 7189 7189 7193 7193
1459105800 7171 7171 7171 7171
1459105500 7167 7167 7171 7171
1459105200 7148 7148 7148 7148
1459104900 7146 7146 7148 7148
1459104600 7135 7135 7137 7137
1459104300 7122 7122 7126 7126
1459104000 7101 7101 7103 7103
1459103700 7092 7092 7092 7092
1459103400 7090 7090 7092 7092
1459103100 7081 7081 7081 7081
1459102800 7079 7079 7081 7081
1459102500 7066 7066 7070 7070
1459102200 7045 7045 7047 7047
1459101900 7036 7036 7036 7036
1459101600 7032 7032 7036 7036
1459101300 7013 7013 7013 7013
1459101000 7009 7009 7013 7013
1459100700 6991 6991 6991 6991
1459100400 6987 6987 6991 6991
1459100100 6966 6966 6968 6968
1459099800 6958 6958 6968 6968
1459099500 6966 6966 6968 6968
1459099200 6953 6953 6957 6957
1459098900 6932 6932 6934 6934
1459098600 6921 6921 6923 6923
1459098300 6910 6910 6912 6912
1459098000 6899 6899 6901 6901
1459097700 6886 6886 6890 6890
1459097400 6865 6865 6867 6867
1459097100 6854 6854 6856 6856
1459096800 6841 6841 6845 6845
1459096500 6818 6818 6822 6822
1459096200 6796 6796 6800 6800
1459095900 6775 6775 6777 6777
1459095600 6766 6766 6766 6766
1459095300 6756 6756 6766 6766
1459095000 6709 6709 6709 6709
1459094700 6707 6707 6709 6709
1459094400 6696 6696 6698 6698
1459094100 6679 6679 6687 6687
1459093800 6643 6643 6653 6653
1459093500 6647 6647 6653 6653
1459093200 6614 6614 6620 6620
1459092900 6584 6584 6586 6586
1459092600 6571 6571 6575 6575
1459092300 6552 6552 6552 6552
1459092000 6550 6550 6552 6552
1459091700 6537 6537 6541 6541
1459091400 6514 6514 6518 6518
1459091100 6494 6494 6496 6496
1459090800 6482 6482 6484 6484
1459090500 6473 6473 6473 6473
1459090200 6474 6474 6484 6484
1459089900 6484 6484 6484 6484
1459089600 6485 6485 6496 6496
1459089300 6494 6494 6496 6496
1459089000 6485 6485 6496 6496
1459088700 6496 6496 6496 6496
1459088400 6497 6497 6507 6507
1459088100 6507 6507 6507 6507
1459087800 6508 6508 6518 6518
1459087500 6519 6519 6530 6530
1459087200 6531 6531 6541 6541
1459086900 6541 6541 6541 6541
1459086600 6542 6542 6552 6552
1459086300 6553 6553 6563 6563
1459086000 6564 6564 6575 6575
1459085700 6576 6576 6586 6586
1459085400 6587 6587 6597 6597
1459085100 6598 6598 6608 6608
1459084800 6609 6609 6620 6620
1459084500 6621 6621 6631 6631
1459084200 6632 6632 6642 6642
1459083900 6643 6643 6653 6653
1459083600 6653 6653 6653 6653
1459083300 6655 6655 6665 6665
1459083000 6666 6666 6676 6676
1459082700 6677 6677 6687 6687
1459082400 6688 6688 6698 6698
1459082100 6699 6699 6709 6709
1459081800 6709 6709 6709 6709
1459081500 6712 6712 6732 6732
1459081200 6732 6732 6732 6732
1459080900 6733 6733 6743 6743
1459080600 6744 6744 6755 6755
1459080300 6756 6756 6766 6766
1459080000 6767 6767 6777 6777
1459079700 6778 6778 6788 6788
1459079400 6788 6788 6788 6788
1459079100 6791 6791 6811 6811
1459078800 6811 6811 6811 6811
1459078500 6812 6812 6822 6822
1459078200 6823 6823 6833 6833
1459077900 6834 6834 6845 6845
1459077600 6846 6846 6856 6856
1459077300 6857 6857 6867 6867
1459077000 6868 6868 6878 6878
1459076700 6879 6879 6890 6890
1459076400 6890 6890 6890 6890
1459076100 6890 6890 6890 6890
1459075800 6891 6891 6901 6901
1459075500 6902 6902 6912 6912
1459075200 6913 6913 6923 6923
1459074900 6923 6923 6923 6923
1459074600 6924 6924 6934 6934
1459074300 6937 6937 6957 6957
1459074000 6957 6957 6957 6957
1459073700 6960 6960 6980 6980
1459073400 6980 6980 6980 6980
1459073100 6981 6981 6991 6991
1459072800 6992 6992 7002 7002
1459072500 7003 7003 7013 7013
1459072200 7014 7014 7025 7025
1459071900 7026 7026 7036 7036
1459071600 7037 7037 7047 7047
1459071300 7047 7047 7047 7047
1459071000 7048 7048 7058 7058
1459070700 7059 7059 7070 7070
1459070400 7071 7071 7081 7081
1459070100 7081 7081 7081 7081
1459069800 7082 7082 7092 7092
1459069500 7093 7093 7103 7103
1459069200 7104 7104 7115 7115
1459068900 7115 7115 7115 7115
1459068600 7116 7116 7126 7126
1459068300 7126 7126 7126 7126
1459068000 7127 7127 7137 7137
1459067700 7137 7137 7137 7137
1459067400 7138 7138 7148 7148
1459067100 7149 7149 7159 7159
1459066800 7159 7159 7159 7159
1459066500 7160 7160 7171 7171
1459066200 7171 7171 7171 7171
1459065900 7173 7173 7182 7182
1459065600 7182 7182 7182 7182
1459065300 7183 7183 7193 7193
1459065000 7193 7193 7193 7193
1459064700 7194 7194 7205 7205
1459064400 7205 7205 7205 7205
1459064100 7206 7206 7216 7216
1459063800 7216 7216 7216 7216
1459063500 7217 7217 7227 7227
1459063200 7227 7227 7227 7227
1459062900 7228 7228 7238 7238
1459062600 7238 7238 7238 7238
1459062300 7238 7238 7238 7238
1459062000 7239 7239 7250 7250
1459061700 7251 7251 7261 7261
1459061400 7261 7261 7261 7261
1459061100 7262 7262 7272 7272
1459060800 7272 7272 7272 7272
1459060500 7273 7273 7283 7283
1459060200 7283 7283 7283 7283
1459059900 7285 7285 7295 7295
1459059600 7296 7296 7306 7306
1459059300 7306 7306 7306 7306
1459059000 7307 7307 7317 7317
1459058700 7318 7318 7328 7328
1459058400 7329 7329 7340 7340
1459058100 7340 7340 7340 7340
1459057800 7341 7341 7351 7351
1459057500 7352 7352 7362 7362
1459057200 7362 7362 7362 7362
1459056900 7363 7363 7373 7373
1459056600 7374 7374 7384 7384
1459056300 7382 7382 7384 7384
1459056000 7374 7374 7384 7384
1459055700 7387 7387 7407 7407
1459055400 7408 7408 7418 7418
1459055100 7418 7418 7418 7418
1459054800 7419 7419 7430 7430
1459054500 7431 7431 7441 7441
1459054200 7441 7441 7441 7441
1459053900 7442 7442 7452 7452
1459053600 7452 7452 7452 7452
1459053300 7452 7452 7452 7452
1459053000 7452 7452 7452 7452
1459052700 7453 7453 7463 7463
1459052400 7461 7461 7463 7463
1459052100 7452 7452 7452 7452
1459051800 7452 7452 7452 7452
1459051500 7450 7450 7452 7452
1459051200 7442 7442 7452 7452
1459050900 7452 7452 7452 7452
1459050600 7452 7452 7452 7452
1459050300 7452 7452 7452 7452
1459050000 7450 7450 7452 7452
1459049700 7441 7441 7441 7441
1459049400 7439 7439 7441 7441
1459049100 7424 7424 7430 7430
1459048800 7394 7394 7396 7396
1459048500 7380 7380 7384 7384
1459048200 7363 7363 7373 7373
1459047900 7378 7378 7407 7407
1459047600 7416 7416 7463 7463
1459047300 7470 7470 7508 7508
1459047000 7513 7513 7542 7542
1459046700 7545 7545 7565 7565
1459046400 7570 7570 7598 7598
1459046100 7598 7598 7598 7598
1459045800 7598 7598 7598 7598
1459045500 7598 7598 7598 7598
1459045200 7598 7598 7598 7598
1459044900 7596 7596 7598 7598
1459044600 7587 7587 7587 7587
1459044300 7585 7585 7587 7587
1459044000 7576 7576 7576 7576
1459043700 7574 7574 7576 7576
1459043400 7563 7563 7565 7565
1459043100 7551 7551 7553 7553
1459042800 7540 7540 7542 7542
1459042500 7529 7529 7531 7531
1459042200 7518 7518 7520 7520
1459041900 7506 7506 7508 7508
1459041600 7495 7495 7497 7497
1459041300 7484 7484 7486 7486
1459041000 7471 7471 7475 7475
1459040700 7450 7450 7452 7452
1459040400 7437 7437 7441 7441
1459040100 7416 7416 7418 7418
1459039800 7405 7405 7407 7407
1459039500 7394 7394 7396 7396
1459039200 7380 7380 7384 7384
1459038900 7362 7362 7362 7362
1459038600 7362 7362 7362 7362
1459038300 7378 7378 7463 7463
1459038000 7465 7465 7475 7475
1459037700 7476 7476 7486 7486
1459037400 7489 7489 7508 7508
1459037100 7509 7509 7520 7520
1459036800 7523 7523 7542 7542
1459036500 7542 7542 7542 7542
1459036200 7549 7549 7587 7587
1459035900 7590 7590 7609 7609
1459035600 7612 7612 7632 7632
1459035300 7635 7635 7655 7655
1459035000 7655 7655 7655 7655
1459034700 7656 7656 7666 7666
1459034400 7669 7669 7688 7688
1459034100 7686 7686 7688 7688
1459033800 7675 7675 7677 7677
1459033500 7664 7664 7666 7666
1459033200 7653 7653 7655 7655
1459032900 7641 7641 7643 7643
1459032600 7628 7628 7632 7632
1459032300 7605 7605 7609 7609
1459032000 7585 7585 7587 7587
1459031700 7572 7572 7576 7576
1459031400 7551 7551 7553 7553
1459031100 7540 7540 7542 7542
1459030800 7529 7529 7531 7531
1459030500 7518 7518 7520 7520
1459030200 7506 7506 7508 7508
1459029900 7495 7495 7497 7497
1459029600 7484 7484 7486 7486
1459029300 7473 7473 7475 7475
1459029000 7459 7459 7463 7463
1459028700 7439 7439 7441 7441
1459028400 7428 7428 7430 7430
1459028100 7416 7416 7418 7418
1459027800 7405 7405 7407 7407
1459027500 7394 7394 7396 7396
1459027200 7380 7380 7384 7384
1459026900 7360 7360 7362 7362
1459026600 7349 7349 7351 7351
1459026300 7338 7338 7340 7340
1459026000 7328 7328 7328 7328
1459025700 7326 7326 7328 7328
1459025400 7315 7315 7317 7317
1459025100 7302 7302 7306 7306
1459024800 7283 7283 7283 7283
1459024500 7283 7283 7283 7283
1459024200 7281 7281 7283 7283
1459023900 7262 7262 7272 7272
1459023600 7216 7216 7216 7216
1459023300 7214 7214 7216 7216
1459023000 7203 7203 7205 7205
1459022700 7191 7191 7193 7193
1459022400 7180 7180 7182 7182
1459022100 7169 7169 7171 7171
1459021800 7159 7159 7159 7159
1459021500 7155 7155 7159 7159
1459021200 7133 7133 7137 7137
1459020900 7115 7115 7115 7115
1459020600 7113 7113 7115 7115
1459020300 7103 7103 7103 7103
1459020000 7103 7103 7103 7103
1459019700 7101 7101 7103 7103
1459019400 7088 7088 7092 7092
1459019100 7070 7070 7070 7070
1459018800 7068 7068 7070 7070
1459018500 7056 7056 7058 7058
1459018200 7045 7045 7047 7047
1459017900 7032 7032 7036 7036
1459017600 7011 7011 7013 7013
1459017300 7000 7000 7002 7002
1459017000 6991 6991 6991 6991
1459016700 6991 6991 6991 6991
1459016400 6989 6989 6991 6991
1459016100 6978 6978 6980 6980
1459015800 6966 6966 6968 6968
1459015500 6953 6953 6957 6957
1459015200 6932 6932 6934 6934
1459014900 6923 6923 6923 6923
1459014600 6919 6919 6923 6923
1459014300 6899 6899 6901 6901
1459014000 6884 6884 6890 6890
1459013700 6854 6854 6856 6856
1459013400 6846 6846 6856 6856
1459013100 6848 6848 6856 6856
1459012800 6807 6807 6811 6811
1459012500 6786 6786 6788 6788
1459012200 6773 6773 6777 6777
1459011900 6751 6751 6755 6755
1459011600 6726 6726 6732 6732
1459011300 6694 6694 6698 6698
1459011000 6674 6674 6676 6676
1459010700 6663 6663 6665 6665
1459010400 6653 6653 6653 6653
1459010100 6649 6649 6653 6653
1459009800 6627 6627 6631 6631
1459009500 6602 6602 6608 6608
1459009200 6571 6571 6575 6575
1459008900 6548 6548 6552 6552
1459008600 6514 6514 6530 6530
1459008000 6423 6423 6484 6484
1459006200 6329 6329 6338 6338
1459004400 6313 6313 6327 6327
1459002600 6336 6336 6361 6361
1459000800 6371 6371 6406 6406
1458999000 6427 6427 6473 6473
1458997200 6498 6498 6530 6530
1458995400 6563 6563 6608 6608
1458993600 6637 6637 6687 6687
1458991800 6714 6714 6755 6755
1458990000 6790 6790 6833 6833
1458988200 6867 6867 6912 6912
1458986400 6948 6948 7002 7002
1458984600 7034 7034 7081 7081
1458982800 7112 7112 7159 7159
1458981000 7201 7201 7250 7250
1458979200 7289 7289 7340 7340
1458977400 7382 7382 7441 7441
1458975600 7471 7471 7520 7520
1458973800 7543 7543 7576 7576
1458972000 7590 7590 7598 7598
1458970200 7597 7597 7621 7621
1458968400 7606 7606 7621 7621
1458966600 7584 7584 7598 7598
1458964800 7544 7544 7576 7576
1458963000 7466 7466 7497 7497
1458961200 7545 7545 7666 7666
1458959400 7748 7748 7801 7801
1458957600 7784 7784 7801 7801
1458955800 7745 7745 7767 7767
1458954000 7696 7696 7711 7711
1458952200 7631 7631 7666 7666
1458950400 7562 7562 7587 7587
1458948600 7497 7497 7531 7531
1458946800 7426 7426 7452 7452
1458945000 7352 7352 7384 7384
1458943200 7285 7285 7317 7317
1458941400 7209 7209 7238 7238
1458939600 7150 7150 7182 7182
1458937800 7091 7091 7126 7126
1458936000 7041 7041 7070 7070
1458934200 6986 6986 7013 7013
1458932400 6909 6909 6957 6957
1458930600 6815 6815 6845 6845
1458928800 6738 6738 6777 6777
1458927000 6665 6665 6698 6698
1458925200 6588 6588 6631 6631
1458923400 6464 6464 6530 6530
1458921600 6336 6336 6372 6372
1458919800 6255 6255 6293 6293
1458918000 6226 6226 6237 6237
1458916200 6231 6231 6248 6248
1458914400 6275 6275 6305 6305
1458912600 6328 6328 6361 6361
1458910800 6385 6385 6417 6417
1458909000 6444 6444 6484 6484
1458907200 6507 6507 6541 6541
1458905400 6571 6571 6608 6608
1458903600 6646 6646 6687 6687
1458901800 6725 6725 6766 6766
1458900000 6804 6804 6856 6856
1458898200 6887 6887 6934 6934
1458896400 6976 6976 7036 7036
1458894600 7077 7077 7137 7137
1458892800 7171 7171 7216 7216
1458891000 7251 7251 7295 7295
1458889200 7332 7332 7373 7373
1458887400 7409 7409 7430 7430
1458885600 7472 7472 7553 7553
1458883800 7611 7611 7688 7688
1458882000 7710 7710 7722 7722
1458880200 7713 7713 7722 7722
1458878400 7711 7711 7711 7711
1458876600 7698 7698 7711 7711
1458874800 7684 7684 7688 7688
1458873000 7666 7666 7677 7677
1458871200 7642 7642 7655 7655
1458869400 7612 7612 7632 7632
1458867600 7569 7569 7587 7587
1458865800 7520 7520 7542 7542
1458864000 7460 7460 7497 7497
1458862200 7398 7398 7430 7430
1458860400 7335 7335 7362 7362
1458858600 7280 7280 7306 7306
1458856800 7217 7217 7250 7250
1458855000 7154 7154 7182 7182
1458853200 7094 7094 7126 7126
1458851400 7039 7039 7070 7070
1458849600 6991 6991 7013 7013
1458847800 6943 6943 6968 6968
1458846000 6895 6895 6912 6912
1458844200 6842 6842 6867 6867
1458842400 6772 6772 6800 6800
1458840600 6700 6700 6732 6732
1458838800 6615 6615 6653 6653
1458837000 6520 6520 6575 6575
1458835200 6396 6396 6440 6440
1458833400 6295 6295 6350 6350
1458831600 6228 6228 6248 6248
1458829800 6238 6238 6260 6260
1458828000 6272 6272 6293 6293
1458826200 6311 6311 6338 6338
1458824400 6348 6348 6372 6372
1458822600 6387 6387 6417 6417
1458820800 6437 6437 6462 6462
1458819000 6486 6486 6518 6518
1458817200 6537 6537 6575 6575
1458815400 6602 6602 6642 6642
1458813600 6678 6678 6732 6732
1458811800 6770 6770 6822 6822
1458810000 6860 6860 6912 6912
1458808200 6955 6955 7013 7013
1458806400 7046 7046 7103 7103
1458804600 7141 7141 7193 7193
1458802800 7240 7240 7295 7295
1458801000 7331 7331 7396 7396
1458799200 7429 7429 7475 7475
1458797400 7493 7493 7497 7497
1458795600 7493 7493 7497 7497
1458793800 7477 7477 7486 7486
1458792000 7468 7468 7475 7475
1458790200 7457 7457 7475 7475
1458788400 7459 7459 7475 7475
1458786600 7464 7464 7486 7486
1458784800 7506 7506 7520 7520
1458783000 7528 7528 7531 7531
1458781200 7510 7510 7520 7520
1458779400 7460 7460 7486 7486
1458777600 7411 7411 7430 7430
1458775800 7359 7359 7384 7384
1458774000 7307 7307 7328 7328
1458772200 7254 7254 7283 7283
1458770400 7202 7202 7227 7227
1458768600 7153 7153 7182 7182
1458766800 7106 7106 7126 7126
1458765000 7050 7050 7081 7081
1458763200 7013 7013 7025 7025
1458761400 6980 6980 6991 6991
1458759600 6948 6948 6968 6968
1458757800 6908 6908 6923 6923
1458756000 6848 6848 6878 6878
1458754200 6721 6721 6800 6800
1458752400 6532 6532 6642 6642
1458750600 6381 6381 6417 6417
1458748800 6372 6372 6372 6372
1458747000 6387 6387 6395 6395
1458745200 6407 6407 6428 6428
1458743400 6429 6429 6451 6451
1458741600 6461 6461 6484 6484
1458739800 6501 6501 6530 6530
1458738000 6557 6557 6597 6597
1458736200 6624 6624 6665 6665
1458734400 6695 6695 6743 6743
1458732600 6768 6768 6811 6811
1458730800 6841 6841 6890 6890
1458729000 6917 6917 6957 6957
1458727200 6977 6977 7013 7013
1458725400 7033 7033 7070 7070
1458723600 7092 7092 7137 7137
1458721800 7169 7169 7216 7216
1458720000 7258 7258 7306 7306
1458718200 7347 7347 7396 7396
1458716400 7439 7439 7497 7497
1458714600 7542 7542 7598 7598
1458712800 7643 7643 7700 7700
1458711000 7721 7721 7733 7733
1458709200 7713 7713 7722 7722
1458707400 7688 7688 7711 7711
1458705600 7727 7727 7857 7857
1458703800 7887 7887 7913 7913
1458702000 7841 7841 7868 7868
1458700200 7802 7802 7823 7823
1458698400 7765 7765 7778 7778
1458696600 7735 7735 7745 7745
1458694800 7709 7709 7722 7722
1458693000 7670 7670 7688 7688
1458691200 7628 7628 7643 7643
1458689400 7584 7584 7598 7598
1458687600 7538 7538 7553 7553
1458685800 7489 7489 7520 7520
1458684000 7430 7430 7463 7463
1458682200 7372 7372 7396 7396
1458680400 7321 7321 7340 7340
1458678600 7271 7271 7295 7295
1458676800 7216 7216 7238 7238
1458675000 7150 7150 7182 7182
1458673200 7073 7073 7115 7115
1458671400 7044 7044 7148 7148
1458669600 7266 7266 7418 7418
1458667800 7400 7400 7430 7430
1458666000 7321 7321 7362 7362
1458664200 7251 7251 7283 7283
1458662400 7187 7187 7216 7216
1458660600 7141 7141 7159 7159
1458658800 7146 7146 7148 7148
1458657000 7167 7167 7193 7193
1458655200 7209 7209 7238 7238
1458653400 7253 7253 7272 7272
1458651600 7296 7296 7328 7328
1458649800 7346 7346 7373 7373
1458648000 7393 7393 7418 7418
1458646200 7442 7442 7463 7463
1458644400 7479 7479 7497 7497
1458642600 7513 7513 7531 7531
1458640800 7547 7547 7576 7576
1458639000 7585 7585 7609 7609
1458637200 7618 7618 7643 7643
1458635400 7656 7656 7677 7677
1458633600 7687 7687 7711 7711
1458631800 7725 7725 7756 7756
1458630000 7766 7766 7790 7790
1458628200 7810 7810 7834 7834
1458626400 7844 7844 7857 7857
1458624600 7859 7859 7868 7868
1458622800 7824 7824 7846 7846
1458621000 7779 7779 7801 7801
1458619200 7718 7718 7756 7756
1458617400 7677 7677 7745 7745
1458615600 7780 7780 7812 7812
1458613800 7936 7936 8059 8059
1458612000 8040 8040 8059 8059
1458610200 7996 7996 8015 8015
1458608400 7944 7944 7970 7970
1458606600 7880 7880 7913 7913
1458604800 7806 7806 7834 7834
1458603000 7741 7741 7778 7778
1458601200 7658 7658 7700 7700
1458599400 7568 7568 7609 7609
1458597600 7484 7484 7520 7520
1458595800 7392 7392 7430 7430
1458594000 7294 7294 7340 7340
1458592200 7168 7168 7227 7227
1458590400 7040 7040 7103 7103
1458588600 6970 6970 7002 7002
1458586800 6942 6942 7002 7002
1458585000 6818 6818 6856 6856
1458583200 6883 6883 6934 6934
1458581400 6957 6957 7002 7002
1458579600 6919 6919 6980 6980
1458577800 6852 6852 6923 6923
1458576000 7002 7002 7137 7137
1458574200 7261 7261 7396 7396
1458572400 7436 7436 7452 7452
1458570600 7459 7459 7475 7475
1458568800 7478 7478 7486 7486
1458567000 7497 7497 7508 7508
1458565200 7515 7515 7520 7520
1458563400 7531 7531 7542 7542
1458561600 7547 7547 7553 7553
1458559800 7564 7564 7576 7576
1458558000 7577 7577 7587 7587
1458556200 7592 7592 7598 7598
1458554400 7603 7603 7609 7609
1458552600 7614 7614 7621 7621
1458550800 7621 7621 7632 7632
1458549000 7629 7629 7632 7632
1458547200 7629 7629 7632 7632
1458545400 7623 7623 7632 7632
1458543600 7612 7612 7621 7621
1458541800 7602 7602 7609 7609
1458540000 7585 7585 7598 7598
1458538200 7562 7562 7576 7576
1458536400 7527 7527 7542 7542
1458534600 7483 7483 7508 7508
1458532800 7524 7524 7632 7632
1458531000 7676 7676 7711 7711
1458529200 7647 7647 7677 7677
1458527400 7568 7568 7609 7609
1458525600 7539 7539 7609 7609
1458523800 7669 7669 7700 7700
1458522000 7609 7609 7655 7655
1458520200 7509 7509 7553 7553
1458518400 7560 7560 7609 7609
1458516600 7636 7636 7677 7677
1458514800 7714 7714 7745 7745
1458513000 7651 7651 7700 7700
1458511200 7531 7531 7587 7587
1458509400 7533 7533 7598 7598
1458507600 7650 7650 7700 7700
1458505800 7666 7666 7700 7700
1458504000 7596 7596 7621 7621
1458502200 7534 7534 7609 7609
1458500400 7669 7669 7688 7688
1458498600 7643 7643 7666 7666
1458496800 7592 7592 7621 7621
1458495000 7533 7533 7565 7565
1458493200 7475 7475 7497 7497
1458491400 7420 7420 7430 7430
1458489600 7396 7396 7407 7407
1458487800 7391 7391 7396 7396
1458486000 7399 7399 7407 7407
1458484200 7416 7416 7430 7430
1458482400 7437 7437 7452 7452
1458480600 7455 7455 7475 7475
1458478800 7480 7480 7486 7486
1458477000 7498 7498 7508 7508
1458475200 7515 7515 7531 7531
1458473400 7536 7536 7542 7542
1458471600 7551 7551 7565 7565
1458469800 7570 7570 7576 7576
1458468000 7583 7583 7598 7598
1458466200 7598 7598 7598 7598
1458464400 7610 7610 7621 7621
1458462600 7619 7619 7621 7621
1458460800 7621 7621 7621 7621
1458459000 7623 7623 7632 7632
1458457200 7621 7621 7632 7632
1458455400 7617 7617 7621 7621
1458453600 7600 7600 7609 7609
1458451800 7578 7578 7587 7587
1458450000 7564 7564 7576 7576
1458448200 7517 7517 7542 7542
1458446400 7572 7572 7655 7655
1458444600 7682 7682 7700 7700
1458442800 7589 7589 7666 7666
1458441000 7536 7536 7609 7609
1458439200 7665 7665 7700 7700
1458437400 7576 7576 7643 7643
1458435600 7585 7585 7700 7700
1458433800 7666 7666 7700 7700
1458432000 7564 7564 7621 7621
1458430200 7562 7562 7666 7666
1458428400 7669 7669 7688 7688
1458426600 7583 7583 7632 7632
1458424800 7499 7499 7531 7531
1458423000 7523 7523 7598 7598
1458421200 7653 7653 7700 7700
1458419400 7670 7670 7688 7688
1458417600 7620 7620 7643 7643
1458415800 7571 7571 7598 7598
1458414000 7503 7503 7531 7531
1458412200 7451 7451 7475 7475
1458410400 7393 7393 7418 7418
1458408600 7323 7323 7362 7362
1458406800 7242 7242 7283 7283
1458405000 7176 7176 7205 7205
1458403200 7186 7186 7227 7227
1458401400 7268 7268 7328 7328
1458399600 7335 7335 7351 7351
1458397800 7358 7358 7373 7373
1458396000 7386 7386 7407 7407
1458394200 7419 7419 7441 7441
1458392400 7451 7451 7463 7463
1458390600 7468 7468 7486 7486
1458388800 7498 7498 7520 7520
1458387000 7532 7532 7553 7553
1458385200 7564 7564 7576 7576
1458383400 7596 7596 7609 7609
1458381600 7622 7622 7632 7632
1458379800 7644 7644 7655 7655
1458378000 7660 7660 7666 7666
1458376200 7678 7678 7700 7700
1458374400 7701 7701 7711 7711
1458372600 7714 7714 7722 7722
1458370800 7724 7724 7733 7733
1458369000 7726 7726 7733 7733
1458367200 7722 7722 7722 7722
1458365400 7732 7732 7767 7767
1458363600 7777 7777 7801 7801
1458361800 7811 7811 7823 7823
1458360000 7813 7813 7823 7823
1458358200 7768 7768 7790 7790
1458356400 7719 7719 7756 7756
1458354600 7831 7831 7958 7958
1458352800 7943 7943 7958 7958
1458351000 7915 7915 7925 7925
1458349200 7879 7879 7902 7902
1458347400 7835 7835 7857 7857
1458345600 7780 7780 7812 7812
1458343800 7713 7713 7745 7745
1458342000 7652 7652 7677 7677
1458340200 7593 7593 7621 7621
1458338400 7499 7499 7531 7531
1458336600 7441 7441 7463 7463
1458334800 7381 7381 7407 7407
1458333000 7340 7340 7351 7351
1458331200 7312 7312 7328 7328
1458329400 7256 7256 7283 7283
1458327600 7143 7143 7227 7227
1458325800 7018 7018 7070 7070
1458324000 6900 6900 6957 6957
1458322200 6814 6814 6833 6833
1458320400 6727 6727 6788 6788
1458318600 6601 6601 6642 6642
1458316800 6479 6479 6541 6541
1458315000 6399 6399 6406 6406
1458313200 6398 6398 6417 6417
1458311400 6433 6433 6462 6462
1458309600 6489 6489 6530 6530
1458307800 6557 6557 6597 6597
1458306000 6624 6624 6665 6665
1458304200 6690 6690 6732 6732
1458302400 6759 6759 6800 6800
1458300600 6836 6836 6890 6890
1458298800 6921 6921 6968 6968
1458297000 7004 7004 7047 7047
1458295200 7085 7085 7137 7137
1458293400 7171 7171 7227 7227
1458291600 7267 7267 7317 7317
1458289800 7359 7359 7418 7418
1458288000 7466 7466 7531 7531
1458286200 7575 7575 7632 7632
1458284400 7679 7679 7733 7733
1458282600 7772 7772 7834 7834
1458280800 7851 7851 7857 7857
1458279000 7857 7857 7868 7868
1458277200 7853 7853 7857 7857
1458275400 7834 7834 7846 7846
1458273600 7800 7800 7823 7823
1458271800 7732 7732 7767 7767
1458270000 7815 7815 7970 7970
1458268200 8084 8084 8206 8206
1458266400 8199 8199 8206 8206
1458264600 8173 8173 8195 8195
1458262800 8120 8120 8150 8150
1458261000 8058 8058 8093 8093
1458259200 7993 7993 8015 8015
1458257400 7937 7937 7958 7958
1458255600 7881 7881 7913 7913
1458253800 7780 7780 7834 7834
1458252000 7667 7667 7722 7722
1458250200 7586 7586 7609 7609
1458248400 7521 7521 7553 7553
1458246600 7458 7458 7486 7486
1458244800 7388 7388 7418 7418
1458243000 7312 7312 7351 7351
1458241200 7225 7225 7261 7261
1458239400 7142 7142 7182 7182
1458237600 7031 7031 7092 7092
1458235800 6943 6943 6980 6980
1458234000 6835 6835 6901 6901
1458232200 6717 6717 6766 6766
1458230400 6608 6608 6665 6665
1458228600 6576 6576 6586 6586
1458226800 6589 6589 6597 6597
1458225000 6615 6615 6653 6653
1458223200 6677 6677 6709 6709
1458221400 6733 6733 6766 6766
1458219600 6790 6790 6822 6822
1458217800 6842 6842 6878 6878
1458216000 6897 6897 6934 6934
1458214200 6950 6950 6980 6980
1458212400 7000 7000 7036 7036
1458210600 7065 7065 7103 7103
1458208800 7130 7130 7171 7171
1458207000 7189 7189 7227 7227
1458205200 7254 7254 7295 7295
1458203400 7326 7326 7362 7362
1458201600 7392 7392 7430 7430
1458199800 7457 7457 7497 7497
1458198000 7525 7525 7576 7576
1458196200 7594 7594 7632 7632
1458194400 7659 7659 7700 7700
1458192600 7727 7727 7756 7756
1458190800 7782 7782 7801 7801
1458189000 7810 7810 7823 7823
1458187200 7845 7845 7868 7868
1458185400 7894 7894 7936 7936
1458183600 7963 7963 8003 8003
1458181800 8017 8017 8026 8026
1458180000 7974 7974 8003 8003
1458178200 7938 7938 7958 7958
1458176400 7888 7888 7913 7913
1458174600 7831 7831 7857 7857
1458172800 7775 7775 7801 7801
1458171000 7713 7713 7745 7745
1458169200 7650 7650 7677 7677
1458167400 7586 7586 7609 7609
1458165600 7520 7520 7553 7553
1458163800 7462 7462 7497 7497
1458162000 7396 7396 7430 7430
1458160200 7330 7330 7362 7362
1458158400 7254 7254 7283 7283
1458156600 7203 7203 7227 7227
1458154800 7149 7149 7171 7171
1458153000 7088 7088 7115 7115
1458151200 7021 7021 7058 7058
1458149400 6932 6932 6980 6980
1458147600 6828 6828 6867 6867
1458145800 6718 6718 6777 6777
1458144000 6629 6629 6653 6653
1458142200 6609 6609 6620 6620
1458140400 6621 6621 6631 6631
1458138600 6647 6647 6676 6676
1458136800 6692 6692 6721 6721
1458135000 6737 6737 6766 6766
1458133200 6778 6778 6800 6800
1458131400 6814 6814 6845 6845
1458129600 6857 6857 6878 6878
1458127800 6893 6893 6912 6912
1458126000 6934 6934 6957 6957
1458124200 6986 6986 7025 7025
1458122400 7052 7052 7092 7092
1458120600 7119 7119 7159 7159
1458118800 7180 7180 7216 7216
1458117000 7249 7249 7295 7295
1458115200 7325 7325 7362 7362
1458113400 7398 7398 7441 7441
1458111600 7471 7471 7508 7508
1458109800 7544 7544 7587 7587
1458108000 7625 7625 7666 7666
1458106200 7703 7703 7745 7745
1458104400 7772 7772 7801 7801
1458102600 7794 7794 7801 7801
1458100800 7767 7767 7778 7778
1458099000 7753 7753 7778 7778
1458097200 7800 7800 7834 7834
1458095400 7855 7855 7868 7868
1458093600 7852 7852 7857 7857
1458091800 7822 7822 7834 7834
1458090000 7791 7791 7801 7801
1458088200 7745 7745 7767 7767
1458086400 7697 7697 7722 7722
1458084600 7646 7646 7666 7666
1458082800 7589 7589 7621 7621
1458081000 7521 7521 7553 7553
1458079200 7464 7464 7486 7486
1458077400 7405 7405 7430 7430
1458075600 7348 7348 7373 7373
1458073800 7291 7291 7317 7317
1458072000 7239 7239 7261 7261
1458070200 7190 7190 7216 7216
1458068400 7149 7149 7159 7159
1458066600 7114 7114 7137 7137
1458064800 7011 7011 7070 7070
1458063000 6897 6897 6957 6957
1458061200 6773 6773 6811 6811
1458059400 6707 6707 6743 6743
1458057600 6581 6581 6642 6642
1458055800 6500 6500 6507 6507
1458054000 6484 6484 6496 6496
1458052200 6483 6483 6496 6496
1458050400 6514 6514 6541 6541
1458048600 6557 6557 6586 6586
1458046800 6600 6600 6631 6631
1458045000 6644 6644 6676 6676
1458043200 6696 6696 6721 6721
1458041400 6751 6751 6788 6788
1458039600 6812 6812 6845 6845
1458037800 6873 6873 6923 6923
1458036000 6951 6951 6991 6991
1458034200 7023 7023 7070 7070
1458032400 7103 7103 7148 7148
1458030600 7188 7188 7238 7238
1458028800 7279 7279 7340 7340
1458027000 7374 7374 7430 7430
1458025200 7466 7466 7520 7520
1458023400 7559 7559 7609 7609
1458021600 7658 7658 7700 7700
1458019800 7709 7709 7722 7722
1458018000 7735 7735 7745 7745
1458016200 7745 7745 7745 7745
1458014400 7729 7729 7745 7745
1458012600 7724 7724 7733 7733
1458010800 7722 7722 7722 7722
1458009000 7709 7709 7722 7722
1458007200 7678 7678 7700 7700
1458005400 7621 7621 7655 7655
1458003600 7544 7544 7576 7576
1458001800 7475 7475 7497 7497
1458000000 7409 7409 7441 7441
1457998200 7348 7348 7373 7373
1457996400 7277 7277 7306 7306
1457994600 7218 7218 7250 7250
1457992800 7152 7152 7182 7182
1457991000 7097 7097 7126 7126
1457989200 7036 7036 7070 7070
1457987400 6973 6973 7002 7002
1457985600 6918 6918 6946 6946
1457983800 6868 6868 6890 6890
1457982000 6809 6809 6833 6833
1457980200 6731 6731 6766 6766
1457978400 6660 6660 6687 6687
1457976600 6593 6593 6631 6631
1457974800 6475 6475 6530 6530
1457973000 6346 6346 6395 6395
1457971200 6249 6249 6293 6293
1457969400 6216 6216 6226 6226
1457967600 6204 6204 6215 6215
1457965800 6220 6220 6248 6248
1457964000 6268 6268 6305 6305
1457962200 6327 6327 6361 6361
1457960400 6385 6385 6417 6417
1457958600 6444 6444 6473 6473
1457956800 6501 6501 6541 6541
1457955000 6565 6565 6597 6597
1457953200 6629 6629 6676 6676
1457951400 6702 6702 6743 6743
1457949600 6772 6772 6822 6822
1457947800 6848 6848 6890 6890
1457946000 6917 6917 6957 6957
1457944200 6991 6991 7036 7036
1457942400 7064 7064 7115 7115
1457940600 7142 7142 7182 7182
1457938800 7214 7214 7261 7261
1457937000 7294 7294 7340 7340
1457935200 7367 7367 7407 7407
1457933400 7417 7417 7430 7430
1457931600 7407 7407 7418 7418
1457929800 7452 7452 7486 7486
1457928000 7549 7549 7598 7598
1457920800 7444 7444 7520 7520
1457913600 7400 7400 7475 7475
1457906400 7227 7227 7340 7340
1457899200 7056 7056 7126 7126
1457892000 6899 6899 6991 6991
1457884800 6862 6862 6912 6912
1457877600 6980 6980 7058 7058
1457870400 7138 7138 7227 7227
1457863200 7317 7317 7407 7407
1457856000 7480 7480 7520 7520
1457848800 7591 7591 7643 7643
1457841600 7514 7514 7632 7632
1457834400 7391 7391 7441 7441
1457827200 7226 7226 7317 7317
1457820000 7044 7044 7137 7137
1457812800 5118 5118 6957 6957
1457805600 6690 6690 6800 6800
1457798400 1851 1851 6575 6575
1457791200 0 0 0 0
1457784000 0 0 0 0
1457776800 0 0 0 0
1457769600 0 0 0 0
1457762400 0 0 0 0
1457755200 5857 5857 7790 7790
1457748000 7713 7713 7790 7790
1457740800 7517 7517 7621 7621
1457733600 7291 7291 7407 7407
1457726400 7052 7052 7159 7159
1457719200 6832 6832 6934 6934
1457712000 6655 6655 6755 6755
1457704800 6653 6653 6777 6777
1457697600 6878 6878 6980 6980
1457690400 7080 7080 7193 7193
1457683200 7313 7313 7452 7452
1457676000 7521 7521 7609 7609
1457668800 7762 7762 7857 7857
1457661600 7767 7767 7857 7857
1457654400 7526 7526 7655 7655
1457647200 7259 7259 7384 7384
1457640000 6992 6992 7148 7148
1457632800 6657 6657 6788 6788
1457625600 6377 6377 6496 6496
1457618400 6479 6479 6575 6575
1457611200 6679 6679 6811 6811
1457604000 6962 6962 7159 7159
1457596800 7353 7353 7520 7520
1457589600 7580 7580 7609 7609
1457582400 7604 7604 7621 7621
1457575200 7520 7520 7576 7576
1457568000 7290 7290 7441 7441
1457560800 737 737 7200 7200
1457553600 0 0 0 0
1457546400 0 0 0 0
1457539200 0 0 0 0
1457532000 0 0 0 0
1457524800 0 0 0 0
1457517600 0 0 0 0
1457510400 0 0 0 0
1457503200 0 0 0 0
1457496000 0 0 0 0
1457488800 0 0 0 0
1457481600 0 0 0 0
1457474400 0 0 0 0
1457467200 0 0 0 0
1457460000 0 0 0 0
1457452800 0 0 0 0
1457445600 0 0 0 0
1457438400 0 0 0 0
1457431200 0 0 0 0
1457424000 0 0 0 0
1457416800 0 0 0 0
1457409600 0 0 0 0
1457402400 0 0 0 0
1457395200 0 0 0 0
1457388000 0 0 0 0
1457380800 0 0 0 0
1457373600 0 0 0 0
1457366400 0 0 0 0
1457359200 0 0 0 0
1457352000 0 0 0 0
1457344800 0 0 0 0
1457337600 0 0 0 0
1457330400 0 0 0 0
1457323200 0 0 0 0
1457316000 0 0 0 0
1457308800 0 0 0 0
1457301600 0 0 0 0
1457294400 0 0 0 0
1457287200 0 0 0 0
1457280000 0 0 0 0
1457272800 0 0 0 0
1457265600 0 0 0 0
1457258400 0 0 0 0
1457251200 0 0 0 0
1457244000 0 0 0 0
1457236800 0 0 0 0
1457229600 0 0 0 0
1457222400 0 0 0 0
1457215200 0 0 0 0
1457208000 0 0 0 0
1457200800 0 0 0 0
1457193600 0 0 0 0
1457186400 0 0 0 0
1457179200 0 0 0 0
1457172000 0 0 0 0
1457164800 0 0 0 0
1457157600 0 0 0 0
1457150400 0 0 0 0
1457143200 0 0 0 0
1457136000 0 0 0 0
1457128800 0 0 0 0
1457121600 0 0 0 0
1457114400 0 0 0 0
1457107200 0 0 0 0
1457100000 0 0 0 0
1457092800 0 0 0 0
1457085600 0 0 0 0
1457078400 0 0 0 0
1457071200 0 0 0 0
1457064000 0 0 0 0
1457056800 0 0 0 0
1457049600 0 0 0 0
1457042400 0 0 0 0
1457035200 0 0 0 0
1457028000 0 0 0 0
1457020800 0 0 0 0
1457013600 0 0 0 0
1457006400 0 0 0 0
1456999200 0 0 0 0
1456992000 0 0 0 0
1456984800 0 0 0 0
1456977600 0 0 0 0
1456970400 0 0 0 0
1456963200 0 0 0 0
1456956000 0 0 0 0
1456948800 0 0 0 0
1456941600 0 0 0 0
1456934400 0 0 0 0
1456927200 0 0 0 0
1456920000 0 0 0 0
1456912800 0 0 0 0
1456905600 0 0 0 0
1456898400 0 0 0 0
1456891200 0 0 0 0
1456884000 0 0 0 0
1456876800 0 0 0 0
1456869600 0 0 0 0
1456862400 0 0 0 0
1456855200 0 0 0 0
1456848000 0 0 0 0
1456840800 0 0 0 0
1456833600 0 0 0 0
1456826400 0 0 0 0
1456819200 0 0 0 0
1456812000 0 0 0 0
1456804800 0 0 0 0
1456797600 0 0 0 0
1456790400 0 0 0 0
1456783200 0 0 0 0
1456776000 0 0 0 0
1456768800 0 0 0 0
1456761600 0 0 0 0
1456754400 0 0 0 0
1456747200 0 0 0 0
1456740000 0 0 0 0
1456732800 0 0 0 0
1456725600 0 0 0 0
1456718400 0 0 0 0
1456711200 0 0 0 0
1456704000 0 0 0 0
1456696800 0 0 0 0
1456689600 0 0 0 0
1456682400 0 0 0 0
1456675200 0 0 0 0
1456668000 0 0 0 0
1456660800 0 0 0 0
1456653600 0 0 0 0
1456646400 0 0 0 0
1456639200 0 0 0 0
1456632000 0 0 0 0
1456624800 0 0 0 0
1456617600 0 0 0 0
1456610400 0 0 0 0
1456603200 0 0 0 0
1456596000 0 0 0 0
1456588800 0 0 0 0
1456581600 0 0 0 0
1456574400 0 0 0 0
1456567200 0 0 0 0
1456560000 0 0 0 0
1456552800 0 0 0 0
1456545600 0 0 0 0
1456538400 0 0 0 0
1456531200 0 0 0 0
1456524000 0 0 0 0
1456516800 0 0 0 0
1456509600 0 0 0 0
1456502400 0 0 0 0
1456495200 0 0 0 0
1456488000 0 0 0 0
1456480800 0 0 0 0
1456473600 0 0 0 0
1456466400 0 0 0 0
1456459200 0 0 0 0
1456452000 0 0 0 0
1456444800 0 0 0 0
1456437600 0 0 0 0
1456430400 0 0 0 0
1456423200 0 0 0 0
1456416000 0 0 0 0
1456408800 0 0 0 0
1456401600 0 0 0 0
1456394400 0 0 0 0
1456387200 0 0 0 0
1456380000 0 0 0 0
1456372800 0 0 0 0
1456365600 0 0 0 0
1456358400 0 0 0 0
1456351200 0 0 0 0
1456344000 0 0 0 0
1456336800 0 0 0 0
1456329600 0 0 0 0
1456322400 0 0 0 0
1456315200 0 0 0 0
1456308000 0 0 0 0
1456300800 0 0 0 0
1456293600 0 0 0 0
1456286400 0 0 0 0
1456279200 0 0 0 0
1456272000 0 0 0 0
1456264800 0 0 0 0
1456257600 0 0 0 0
1456250400 0 0 0 0
1456243200 0 0 0 0
1456236000 0 0 0 0
1456228800 0 0 0 0
1456221600 0 0 0 0
1456214400 0 0 0 0
1456207200 0 0 0 0
1456200000 0 0 0 0
1456192800 0 0 0 0
1456185600 0 0 0 0
1456178400 0 0 0 0
1456171200 0 0 0 0
1456164000 0 0 0 0
1456156800 0 0 0 0
1456149600 0 0 0 0
1456142400 0 0 0 0
1456135200 0 0 0 0
1456128000 0 0 0 0
1456120800 0 0 0 0
1456113600 0 0 0 0
1456106400 0 0 0 0
1456099200 0 0 0 0
1456092000 0 0 0 0
1456084800 0 0 0 0
1456077600 0 0 0 0
1456070400 0 0 0 0
1456063200 0 0 0 0
1456056000 0 0 0 0
1456048800 0 0 0 0
1456041600 0 0 0 0
1456034400 0 0 0 0
1456027200 0 0 0 0
1456020000 0 0 0 0
1456012800 0 0 0 0
1456005600 0 0 0 0
1455998400 0 0 0 0
1455991200 0 0 0 0
1455984000 0 0 0 0
1455976800 0 0 0 0
1455969600 0 0 0 0
1455962400 0 0 0 0
1455955200 0 0 0 0
1455948000 0 0 0 0
1455940800 0 0 0 0
1455933600 0 0 0 0
1455926400 0 0 0 0
1455919200 0 0 0 0
1455912000 0 0 0 0
1455904800 0 0 0 0
1455897600 0 0 0 0
1455890400 0 0 0 0
1455883200 0 0 0 0
1455876000 0 0 0 0
1455868800 0 0 0 0
1455861600 0 0 0 0
1455854400 0 0 0 0
1455847200 0 0 0 0
1455840000 0 0 0 0
1455832800 0 0 0 0
1455825600 0 0 0 0
1455818400 0 0 0 0
1455811200 0 0 0 0
1455804000 0 0 0 0
1455796800 0 0 0 0
1455789600 0 0 0 0
1455782400 0 0 0 0
1455775200 0 0 0 0
1455768000 0 0 0 0
1455760800 0 0 0 0
1455753600 0 0 0 0
1455746400 0 0 0 0
1455739200 0 0 0 0
1455732000 0 0 0 0
1455724800 0 0 0 0
1455717600 0 0 0 0
1455710400 0 0 0 0
1455703200 0 0 0 0
1455696000 0 0 0 0
1455688800 0 0 0 0
1455681600 0 0 0 0
1455674400 0 0 0 0
1455667200 0 0 0 0
1455660000 0 0 0 0
1455652800 0 0 0 0
1455645600 0 0 0 0
1455638400 0 0 0 0
1455631200 0 0 0 0
1455624000 0 0 0 0
1455616800 0 0 0 0
1455609600 0 0 0 0
1455602400 0 0 0 0
1455595200 0 0 0 0
1455588000 0 0 0 0
1455580800 0 0 0 0
1455573600 0 0 0 0
1455566400 0 0 0 0
1455559200 0 0 0 0
1455552000 0 0 0 0
1455544800 0 0 0 0
1455537600 0 0 0 0
1455530400 0 0 0 0
1455523200 0 0 0 0
1455516000 0 0 0 0
1455508800 0 0 0 0
1455501600 0 0 0 0
1455494400 0 0 0 0
1455487200 0 0 0 0
1455480000 0 0 0 0
1455472800 0 0 0 0
1455465600 0 0 0 0
1455458400 0 0 0 0
1455451200 0 0 0 0
1455444000 0 0 0 0
1455436800 0 0 0 0
1455429600 0 0 0 0
1455422400 0 0 0 0
1455415200 0 0 0 0
1455408000 0 0 0 0
1455400800 0 0 0 0
1455393600 0 0 0 0
1455386400 0 0 0 0
1455379200 0 0 0 0
1455372000 0 0 0 0
1455364800 0 0 0 0
1455357600 0 0 0 0
1455350400 0 0 0 0
1455343200 0 0 0 0
1455336000 0 0 0 0
1455328800 0 0 0 0
1455321600 0 0 0 0
1455314400 0 0 0 0
1455307200 0 0 0 0
1455300000 0 0 0 0
1455292800 0 0 0 0
1455285600 0 0 0 0
1455278400 0 0 0 0
1455271200 0 0 0 0
1455264000 0 0 0 0
1455256800 0 0 0 0
1455249600 0 0 0 0
1455242400 0 0 0 0
1455235200 0 0 0 0
1455228000 0 0 0 0
1455220800 0 0 0 0
1455213600 0 0 0 0
1455206400 0 0 0 0
1455199200 0 0 0 0
1455192000 0 0 0 0
1455184800 0 0 0 0
1455177600 0 0 0 0
1455170400 0 0 0 0
1455163200 0 0 0 0
1455156000 0 0 0 0
1455148800 0 0 0 0
1455141600 0 0 0 0
1455134400 0 0 0 0
1455127200 0 0 0 0
1455120000 0 0 0 0
1455112800 0 0 0 0
1455105600 0 0 0 0
1455098400 0 0 0 0
1455091200 0 0 0 0
1455084000 0 0 0 0
1455076800 0 0 0 0
1455069600 0 0 0 0
1455062400 0 0 0 0
1455055200 0 0 0 0
1455048000 0 0 0 0
1455040800 0 0 0 0
1455033600 0 0 0 0
1455026400 0 0 0 0
1455019200 0 0 0 0
1455012000 0 0 0 0
1455004800 0 0 0 0
1454997600 0 0 0 0
1454990400 0 0 0 0
1454983200 0 0 0 0
1454976000 0 0 0 0
1454968800 0 0 0 0
1454961600 0 0 0 0
1454954400 0 0 0 0
1454947200 0 0 0 0
1454940000 0 0 0 0
1454932800 0 0 0 0
1454925600 0 0 0 0
1454918400 0 0 0 0
1454911200 0 0 0 0
1454904000 0 0 0 0
1454896800 0 0 0 0
1454889600 0 0 0 0
1454882400 0 0 0 0
1454875200 0 0 0 0
1454868000 0 0 0 0
1454860800 0 0 0 0
1454853600 0 0 0 0
1454846400 0 0 0 0
1454839200 0 0 0 0
1454832000 0 0 0 0
1454824800 0 0 0 0
1454817600 0 0 0 0
1454810400 0 0 0 0
1454803200 0 0 0 0
1454796000 0 0 0 0
1454788800 0 0 0 0
1454781600 0 0 0 0
1454774400 0 0 0 0
1454767200 0 0 0 0
1454760000 0 0 0 0
1454752800 0 0 0 0
1454745600 0 0 0 0
1454738400 0 0 0 0
1454731200 0 0 0 0
1454724000 0 0 0 0
1454716800 0 0 0 0
1454709600 0 0 0 0
1454702400 0 0 0 0
1454695200 0 0 0 0
1454688000 0 0 0 0
1454680800 0 0 0 0
1454673600 0 0 0 0
1454666400 0 0 0 0
1454659200 0 0 0 0
1454652000 0 0 0 0
1454644800 0 0 0 0
1454637600 0 0 0 0
1454630400 0 0 0 0
1454623200 0 0 0 0
1454616000 0 0 0 0
1454608800 0 0 0 0
1454601600 0 0 0 0
1454594400 0 0 0 0
1454587200 0 0 0 0
1454580000 0 0 0 0
1454572800 0 0 0 0
1454565600 0 0 0 0
1454558400 0 0 0 0
1454551200 0 0 0 0
1454544000 0 0 0 0
1454536800 0 0 0 0
1454529600 0 0 0 0
1454522400 0 0 0 0
1454515200 0 0 0 0
1454508000 0 0 0 0
1454500800 0 0 0 0
1454493600 0 0 0 0
1454486400 0 0 0 0
1454479200 0 0 0 0
1454472000 0 0 0 0
1454464800 0 0 0 0
1454457600 0 0 0 0
1454450400 0 0 0 0
1454443200 0 0 0 0
1454436000 0 0 0 0
1454428800 0 0 0 0
1454421600 0 0 0 0
1454414400 0 0 0 0
1454407200 0 0 0 0
1454400000 0 0 0 0
1454392800 0 0 0 0
1454385600 0 0 0 0
1454378400 0 0 0 0
1454371200 0 0 0 0
1454364000 0 0 0 0
1454356800 0 0 0 0
1454349600 0 0 0 0
1454342400 0 0 0 0
1454335200 0 0 0 0
1454328000 0 0 0 0
1454320800 0 0 0 0
1454313600 0 0 0 0
1454306400 0 0 0 0
1454299200 0 0 0 0
1454292000 0 0 0 0
1454284800 0 0 0 0
1454277600 0 0 0 0
1454270400 0 0 0 0
1454263200 0 0 0 0
1454256000 0 0 0 0
1454248800 0 0 0 0
1454241600 0 0 0 0
1454234400 0 0 0 0
1454227200 0 0 0 0
1454220000 0 0 0 0
1454212800 0 0 0 0
1454205600 0 0 0 0
1454198400 0 0 0 0
1454191200 0 0 0 0
1454184000 0 0 0 0
1454176800 0 0 0 0
1454169600 0 0 0 0
1454162400 0 0 0 0
1454155200 0 0 0 0
1454148000 0 0 0 0
1454140800 0 0 0 0
1454133600 0 0 0 0
1454126400 0 0 0 0
1454119200 0 0 0 0
1454112000 0 0 0 0
1454104800 0 0 0 0
1454097600 0 0 0 0
1454090400 0 0 0 0
1454083200 0 0 0 0
1454076000 0 0 0 0
1454068800 0 0 0 0
1454061600 0 0 0 0
1454054400 0 0 0 0
1454047200 0 0 0 0
1454040000 0 0 0 0
1454032800 0 0 0 0
1454025600 0 0 0 0
1454018400 0 0 0 0
1454011200 0 0 0 0
1454004000 0 0 0 0
1453996800 0 0 0 0
1453989600 0 0 0 0
1453982400 0 0 0 0
1453975200 0 0 0 0
1453968000 0 0 0 0
1453960800 0 0 0 0
1453953600 0 0 0 0
1453946400 0 0 0 0
1453939200 0 0 0 0
1453932000 0 0 0 0
1453924800 0 0 0 0
1453917600 0 0 0 0
1453910400 0 0 0 0
1453903200 0 0 0 0
1453896000 0 0 0 0
1453888800 0 0 0 0
1453881600 0 0 0 0
1453874400 0 0 0 0
1453867200 0 0 0 0
1453860000 0 0 0 0
1453852800 0 0 0 0
1453845600 0 0 0 0
1453838400 0 0 0 0
1453831200 0 0 0 0
1453824000 0 0 0 0
1453816800 0 0 0 0
1453809600 0 0 0 0
1453802400 0 0 0 0
1453795200 0 0 0 0
1453788000 0 0 0 0
1453780800 0 0 0 0
1453773600 0 0 0 0
1453766400 0 0 0 0
1453759200 0 0 0 0
1453752000 0 0 0 0
1453744800 0 0 0 0
1453737600 0 0 0 0
1453730400 0 0 0 0
1453723200 0 0 0 0
1453716000 0 0 0 0
1453708800 0 0 0 0
1453701600 0 0 0 0
1453694400 0 0 0 0
1453687200 0 0 0 0
1453680000 0 0 0 0
1453672800 0 0 0 0
1453665600 0 0 0 0
1453658400 0 0 0 0
1453651200 0 0 0 0
1453644000 0 0 0 0
1453636800 0 0 0 0
1453629600 0 0 0 0
1453622400 0 0 0 0
1453615200 0 0 0 0
1453608000 0 0 0 0
1453593600 0 0 0 0
1453507200 0 0 0 0
1453420800 0 0 0 0
1453334400 0 0 0 0
1453248000 0 0 0 0
1453161600 0 0 0 0
1453075200 0 0 0 0
1452988800 0 0 0 0
1452902400 0 0 0 0
1452816000 0 0 0 0
1452729600 0 0 0 0
1452643200 0 0 0 0
1452556800 0 0 0 0
1452470400 0 0 0 0
1452384000 0 0 0 0
1452297600 0 0 0 0
1452211200 0 0 0 0
1452124800 0 0 0 0
1452038400 0 0 0 0
1451952000 0 0 0 0
1451865600 0 0 0 0
1451779200 0 0 0 0
1451692800 0 0 0 0
1451606400 0 0 0 0
1451520000 0 0 0 0
1451433600 0 0 0 0
1451347200 0 0 0 0
1451260800 0 0 0 0
1451174400 0 0 0 0
1451088000 0 0 0 0
1451001600 0 0 0 0
1450915200 0 0 0 0
1450828800 0 0 0 0
1450742400 0 0 0 0
1450656000 0 0 0 0
1450569600 0 0 0 0
1450483200 0 0 0 0
1450396800 0 0 0 0
1450310400 0 0 0 0
1450224000 0 0 0 0
1450137600 0 0 0 0
1450051200 0 0 0 0
1449964800 0 0 0 0
1449878400 0 0 0 0
1449792000 0 0 0 0
1449705600 0 0 0 0
1449619200 0 0 0 0
1449532800 0 0 0 0
1449446400 0 0 0 0
1449360000 0 0 0 0
1449273600 0 0 0 0
1449187200 0 0 0 0
1449100800 0 0 0 0
1449014400 0 0 0 0
1448928000 0 0 0 0
1448841600 0 0 0 0
1448755200 0 0 0 0
1448668800 0 0 0 0
1448582400 0 0 0 0
1448496000 0 0 0 0
1448409600 0 0 0 0
1448323200 0 0 0 0
1448236800 0 0 0 0
1448150400 0 0 0 0
1448064000 0 0 0 0
1447977600 0 0 0 0
1447891200 0 0 0 0
1447804800 0 0 0 0
1447718400 0 0 0 0
1447632000 0 0 0 0
1447545600 0 0 0 0
1447459200 0 0 0 0
1447372800 0 0 0 0
1447286400 0 0 0 0
1447200000 0 0 0 0
1447113600 0 0 0 0
1447027200 0 0 0 0
1446940800 0 0 0 0
1446854400 0 0 0 0
1446768000 0 0 0 0
1446681600 0 0 0 0
1446595200 0 0 0 0
1446508800 0 0 0 0
1446422400 0 0 0 0
1446336000 0 0 0 0
1446249600 0 0 0 0
1446163200 0 0 0 0
1446076800 0 0 0 0
1445990400 0 0 0 0
1445904000 0 0 0 0
1445817600 0 0 0 0
1445731200 0 0 0 0
1445644800 0 0 0 0
1445558400 0 0 0 0
1445472000 0 0 0 0
1445385600 0 0 0 0
1445299200 0 0 0 0
1445212800 0 0 0 0
1445126400 0 0 0 0
1445040000 0 0 0 0
1444953600 0 0 0 0
1444867200 0 0 0 0
1444780800 0 0 0 0
1444694400 0 0 0 0
1444608000 0 0 0 0
1444521600 0 0 0 0
1444435200 0 0 0 0
1444348800 0 0 0 0
1444262400 0 0 0 0
1444176000 0 0 0 0
1444089600 0 0 0 0
1444003200 0 0 0 0
1443916800 0 0 0 0
1443830400 0 0 0 0
1443744000 0 0 0 0
1443657600 0 0 0 0
1443571200 0 0 0 0
1443484800 0 0 0 0
1443398400 0 0 0 0
1443312000 0 0 0 0
1443225600 0 0 0 0
1443139200 0 0 0 0
1443052800 0 0 0 0
1442966400 0 0 0 0
1442880000 0 0 0 0
1442793600 0 0 0 0
1442707200 0 0 0 0
1442620800 0 0 0 0
1442534400 0 0 0 0
1442448000 0 0 0 0
1442361600 0 0 0 0
1442275200 0 0 0 0
1442188800 0 0 0 0
1442102400 0 0 0 0
1442016000 0 0 0 0
1441929600 0 0 0 0
1441843200 0 0 0 0
1441756800 0 0 0 0
1441670400 0 0 0 0
1441584000 0 0 0 0
1441497600 0 0 0 0
1441411200 0 0 0 0
1441324800 0 0 0 0
1441238400 0 0 0 0
1441152000 0 0 0 0
1441065600 0 0 0 0
1440979200 0 0 0 0
1440892800 0 0 0 0
1440806400 0 0 0 0
1440720000 0 0 0 0
1440633600 0 0 0 0
1440547200 0 0 0 0
1440460800 0 0 0 0
1440374400 0 0 0 0
1440288000 0 0 0 0
1440201600 0 0 0 0
1440115200 0 0 0 0
1440028800 0 0 0 0
1439942400 0 0 0 0
1439856000 0 0 0 0
1439769600 0 0 0 0
1439683200 0 0 0 0
1439596800 0 0 0 0
1439510400 0 0 0 0
1439424000 0 0 0 0
1439337600 0 0 0 0
1439251200 0 0 0 0
1439164800 0 0 0 0
1439078400 0 0 0 0
1438992000 0 0 0 0
1438905600 0 0 0 0
1438819200 0 0 0 0
1438732800 0 0 0 0
1438646400 0 0 0 0
1438560000 0 0 0 0
1438473600 0 0 0 0
1438387200 0 0 0 0
1438300800 0 0 0 0
1438214400 0 0 0 0
1438128000 0 0 0 0
1438041600 0 0 0 0
1437955200 0 0 0 0
1437868800 0 0 0 0
1437782400 0 0 0 0
1437696000 0 0 0 0
1437609600 0 0 0 0
1437523200 0 0 0 0
1437436800 0 0 0 0
1437350400 0 0 0 0
1437264000 0 0 0 0
1437177600 0 0 0 0
1437091200 0 0 0 0
1437004800 0 0 0 0
1436918400 0 0 0 0
1436832000 0 0 0 0
1436745600 0 0 0 0
1436659200 0 0 0 0
1436572800 0 0 0 0
1436486400 0 0 0 0
1436400000 0 0 0 0
1436313600 0 0 0 0
1436227200 0 0 0 0
1436140800 0 0 0 0
1436054400 0 0 0 0
1435968000 0 0 0 0
1435881600 0 0 0 0
1435795200 0 0 0 0
1435708800 0 0 0 0
1435622400 0 0 0 0
1435536000 0 0 0 0
1435449600 0 0 0 0
1435363200 0 0 0 0
1435276800 0 0 0 0
1435190400 0 0 0 0
1435104000 0 0 0 0
1435017600 0 0 0 0
1434931200 0 0 0 0
1434844800 0 0 0 0
1434758400 0 0 0 0
1434672000 0 0 0 0
1434585600 0 0 0 0
1434499200 0 0 0 0
1434412800 0 0 0 0
1434326400 0 0 0 0
1434240000 0 0 0 0
1434153600 0 0 0 0
1434067200 0 0 0 0
1433980800 0 0 0 0
1433894400 0 0 0 0
1433808000 0 0 0 0
1433721600 0 0 0 0
1433635200 0 0 0 0
1433548800 0 0 0 0
1433462400 0 0 0 0
1433376000 0 0 0 0
1433289600 0 0 0 0
1433203200 0 0 0 0
1433116800 0 0 0 0
1433030400 0 0 0 0
1432944000 0 0 0 0
1432857600 0 0 0 0
1432771200 0 0 0 0
1432684800 0 0 0 0
1432598400 0 0 0 0
1432512000 0 0 0 0
1432425600 0 0 0 0
1432339200 0 0 0 0
1432252800 0 0 0 0
1432166400 0 0 0 0
1432080000 0 0 0 0
1431993600 0 0 0 0
1431907200 0 0 0 0
1431820800 0 0 0 0
1431734400 0 0 0 0
1431648000 0 0 0 0
1431561600 0 0 0 0
1431475200 0 0 0 0
1431388800 0 0 0 0
1431302400 0 0 0 0
1431216000 0 0 0 0
1431129600 0 0 0 0
1431043200 0 0 0 0
1430956800 0 0 0 0
1430870400 0 0 0 0
1430784000 0 0 0 0
1430697600 0 0 0 0
1430611200 0 0 0 0
1430524800 0 0 0 0
1430438400 0 0 0 0
1430352000 0 0 0 0
1430265600 0 0 0 0
1430179200 0 0 0 0
1430092800 0 0 0 0
1430006400 0 0 0 0
1429920000 0 0 0 0
1429833600 0 0 0 0
1429747200 0 0 0 0
1429660800 0 0 0 0
1429574400 0 0 0 0
1429488000 0 0 0 0
1429401600 0 0 0 0
1429315200 0 0 0 0
1429228800 0 0 0 0
1429142400 0 0 0 0
1429056000 0 0 0 0
1428969600 0 0 0 0
1428883200 0 0 0 0
1428796800 0 0 0 0
1428710400 0 0 0 0
1428624000 0 0 0 0
1428537600 0 0 0 0
1428451200 0 0 0 0
1428364800 0 0 0 0
1428278400 0 0 0 0
1428192000 0 0 0 0
1428105600 0 0 0 0
1428019200 0 0 0 0
1427932800 0 0 0 0
1427846400 0 0 0 0
1427760000 0 0 0 0
1427673600 0 0 0 0
1427587200 0 0 0 0
1427500800 0 0 0 0
1427414400 0 0 0 0
1427328000 0 0 0 0
1427241600 0 0 0 0
1427155200 0 0 0 0
1427068800 0 0 0 0
1426982400 0 0 0 0
1426896000 0 0 0 0
1426809600 0 0 0 0
1426723200 0 0 0 0
1426636800 0 0 0 0
1426550400 0 0 0 0
1426464000 0 0 0 0
1426377600 0 0 0 0
1426291200 0 0 0 0
1426204800 0 0 0 0
1426118400 0 0 0 0
1426032000 0 0 0 0
1425945600 0 0 0 0
1425859200 0 0 0 0
1425772800 0 0 0 0
1425686400 0 0 0 0
1425600000 0 0 0 0
1425513600 0 0 0 0
1425427200 0 0 0 0
1425340800 0 0 0 0
1425254400 0 0 0 0
1425168000 0 0 0 0
1425081600 0 0 0 0
1424995200 0 0 0 0
1424908800 0 0 0 0
1424822400 0 0 0 0
1424736000 0 0 0 0
1424649600 0 0 0 0
1424563200 0 0 0 0
1424476800 0 0 0 0
1424390400 0 0 0 0
1424304000 0 0 0 0
1424217600 0 0 0 0
1424131200 0 0 0 0
1424044800 0 0 0 0
1423958400 0 0 0 0
1423872000 0 0 0 0
1423785600 0 0 0 0
1423699200 0 0 0 0
1423612800 0 0 0 0
1423526400 0 0 0 0
1423440000 0 0 0 0
1423353600 0 0 0 0
1423267200 0 0 0 0
1423180800 0 0 0 0
1423094400 0 0 0 0
1423008000 0 0 0 0
1422921600 0 0 0 0
1422835200 0 0 0 0
1422748800 0 0 0 0
1422662400 0 0 0 0
1422576000 0 0 0 0
1422489600 0 0 0 0
1422403200 0 0 0 0
1422316800 0 0 0 0
1422230400 0 0 0 0
1422144000 0 0 0 0
1422057600 0 0 0 0
1421971200 0 0 0 0
1421884800 0 0 0 0
1421798400 0 0 0 0
1421712000 0 0 0 0
1421625600 0 0 0 0
1421539200 0 0 0 0
1421452800 0 0 0 0
1421366400 0 0 0 0
1421280000 0 0 0 0
1421193600 0 0 0 0
1421107200 0 0 0 0
1421020800 0 0 0 0
1420934400 0 0 0 0
1420848000 0 0 0 0
1420761600 0 0 0 0
1420675200 0 0 0 0
1420588800 0 0 0 0
1420502400 0 0 0 0
1420416000 0 0 0 0
1420329600 0 0 0 0
1420243200 0 0 0 0
1420156800 0 0 0 0
1420070400 0 0 0 0
1419984000 0 0 0 0
1419897600 0 0 0 0
1419811200 0 0 0 0
1419724800 0 0 0 0
1419638400 0 0 0 0
1419552000 0 0 0 0
1419465600 0 0 0 0
1419379200 0 0 0 0
1419292800 0 0 0 0
1419206400 0 0 0 0
1419120000 0 0 0 0
1419033600 0 0 0 0
1418947200 0 0 0 0
1418860800 0 0 0 0
1418774400 0 0 0 0
1418688000 0 0 0 0
1418601600 0 0 0 0
1418515200 0 0 0 0
1418428800 0 0 0 0
1418342400 0 0 0 0
1418256000 0 0 0 0
1418169600 0 0 0 0
1418083200 0 0 0 0
1417996800 0 0 0 0
1417910400 0 0 0 0
1417824000 0 0 0 0
1417737600 0 0 0 0
1417651200 0 0 0 0
1417564800 0 0 0 0
1417478400 0 0 0 0
1417392000 0 0 0 0
1417305600 0 0 0 0
1417219200 0 0 0 0
1417132800 0 0 0 0
1417046400 0 0 0 0
1416960000 0 0 0 0
1416873600 0 0 0 0
1416787200 0 0 0 0
1416700800 0 0 0 0
1416614400 0 0 0 0
1416528000 0 0 0 0
1416441600 0 0 0 0
1416355200 0 0 0 0
1416268800 0 0 0 0
1416182400 0 0 0 0
1416096000 0 0 0 0
1416009600 0 0 0 0
1415923200 0 0 0 0
1415836800 0 0 0 0
1415750400 0 0 0 0
1415664000 0 0 0 0
1415577600 0 0 0 0
1415491200 0 0 0 0
1415404800 0 0 0 0
1415318400 0 0 0 0
1415232000 0 0 0 0
1415145600 0 0 0 0
1415059200 0 0 0 0
1414972800 0 0 0 0
1414886400 0 0 0 0
1414800000 0 0 0 0
1414713600 0 0 0 0
1414627200 0 0 0 0
1414540800 0 0 0 0
1414454400 0 0 0 0
1414368000 0 0 0 0
1414281600 0 0 0 0
1414195200 0 0 0 0
1414108800 0 0 0 0
1414022400 0 0 0 0
1413936000 0 0 0 0
1413849600 0 0 0 0
1413763200 0 0 0 0
1413676800 0 0 0 0
1413590400 0 0 0 0
1413504000 0 0 0 0
1413417600 0 0 0 0
1413331200 0 0 0 0
1413244800 0 0 0 0
1413158400 0 0 0 0
1413072000 0 0 0 0
1412985600 0 0 0 0
1412899200 0 0 0 0
1412812800 0 0 0 0
1412726400 0 0 0 0
1412640000 0 0 0 0
1412553600 0 0 0 0
1412467200 0 0 0 0
1412380800 0 0 0 0
1412294400 0 0 0 0
1412208000 0 0 0 0
1412121600 0 0 0 0
1412035200 0 0 0 0
1411948800 0 0 0 0
1411862400 0 0 0 0
1411776000 0 0 0 0
1411689600 0 0 0 0
1411603200 0 0 0 0
1411516800 0 0 0 0
1411430400 0 0 0 0
1411344000 0 0 0 0
1411257600 0 0 0 0
1411171200 0 0 0 0
1411084800 0 0 0 0
1410998400 0 0 0 0
1410912000 0 0 0 0
1410825600 0 0 0 0
1410739200 0 0 0 0
1410652800 0 0 0 0
1410566400 0 0 0 0
1410480000 0 0 0 0
1410393600 0 0 0 0
1410307200 0 0 0 0
1410220800 0 0 0 0
1410134400 0 0 0 0
1410048000 0 0 0 0
1409961600 0 0 0 0
1409875200 0 0 0 0
1409788800 0 0 0 0
1409702400 0 0 0 0
1409616000 0 0 0 0
1409529600 0 0 0 0
1409443200 0 0 0 0
1409356800 0 0 0 0
1409270400 0 0 0 0
1409184000 0 0 0 0
1409097600 0 0 0 0
1409011200 0 0 0 0
1408924800 0 0 0 0
1408838400 0 0 0 0
1408752000 0 0 0 0
1408665600 0 0 0 0
1408579200 0 0 0 0
1408492800 0 0 0 0
1408406400 0 0 0 0
1408320000 0 0 0 0
1408233600 0 0 0 0
1408147200 0 0 0 0
1408060800 0 0 0 0
1407974400 0 0 0 0
1407888000 0 0 0 0
1407801600 0 0 0 0
1407715200 0 0 0 0
1407628800 0 0 0 0
1407542400 0 0 0 0
1407456000 0 0 0 0
1407369600 0 0 0 0
1407283200 0 0 0 0
1407196800 0 0 0 0
1407110400 0 0 0 0
1407024000 0 0 0 0
1406937600 0 0 0 0
1406851200 0 0 0 0
1406764800 0 0 0 0
1406678400 0 0 0 0
1406592000 0 0 0 0
1406505600 0 0 0 0
1406419200 0 0 0 0
1406332800 0 0 0 0
1406246400 0 0 0 0
1406160000 0 0 0 0
1406073600 0 0 0 0
1405987200 0 0 0 0
1405900800 0 0 0 0
1405814400 0 0 0 0
1405728000 0 0 0 0
1405641600 0 0 0 0
1405555200 0 0 0 0
1405468800 0 0 0 0
1405382400 0 0 0 0
1405296000 0 0 0 0
1405209600 0 0 0 0
1405123200 0 0 0 0
1405036800 0 0 0 0
1404950400 0 0 0 0
1404864000 0 0 0 0
1404777600 0 0 0 0
1404691200 0 0 0 0
1404604800 0 0 0 0
1404518400 0 0 0 0
1404432000 0 0 0 0
1404345600 0 0 0 0
1404259200 0 0 0 0
1404172800 0 0 0 0
1404086400 0 0 0 0
1404000000 0 0 0 0
1403913600 0 0 0 0
1403827200 0 0 0 0
1403740800 0 0 0 0
1403654400 0 0 0 0
1403568000 0 0 0 0
1403481600 0 0 0 0
1403395200 0 0 0 0
1403308800 0 0 0 0
1403222400 0 0 0 0
1403136000 0 0 0 0
1403049600 0 0 0 0
1402963200 0 0 0 0
1402876800 0 0 0 0
1402790400 0 0 0 0
1402704000 0 0 0 0
1402617600 0 0 0 0
1402531200 0 0 0 0
1402444800 0 0 0 0
1402358400 0 0 0 0
1402272000 0 0 0 0
1402185600 0 0 0 0
1402099200 0 0 0 0
1402012800 0 0 0 0
1401926400 0 0 0 0
1401840000 0 0 0 0
1401753600 0 0 0 0
1401667200 0 0 0 0
1401580800 0 0 0 0
1401494400 0 0 0 0
1401408000 0 0 0 0
1401321600 0 0 0 0
1401235200 0 0 0 0
1401148800 0 0 0 0
1401062400 0 0 0 0
1400976000 0 0 0 0
1400889600 0 0 0 0
1400803200 0 0 0 0
1400716800 0 0 0 0
1400630400 0 0 0 0
1400544000 0 0 0 0
1400457600 0 0 0 0
1400371200 0 0 0 0
1400284800 0 0 0 0
1400198400 0 0 0 0
1400112000 0 0 0 0
1400025600 0 0 0 0
1399939200 0 0 0 0
1399852800 0 0 0 0
1399766400 0 0 0 0
1399680000 0 0 0 0
1399593600 0 0 0 0
1399507200 0 0 0 0
1399420800 0 0 0 0
1399334400 0 0 0 0
1399248000 0 0 0 0
1399161600 0 0 0 0
1399075200 0 0 0 0
1398988800 0 0 0 0
1398902400 0 0 0 0
1398816000 0 0 0 0
1398729600 0 0 0 0
1398643200 0 0 0 0
1398556800 0 0 0 0
1398470400 0 0 0 0
1398384000 0 0 0 0
1398297600 0 0 0 0
1398211200 0 0 0 0
1398124800 0 0 0 0
1398038400 0 0 0 0
1397952000 0 0 0 0
1397865600 0 0 0 0
1397779200 0 0 0 0
1397692800 0 0 0 0
1397606400 0 0 0 0
1397520000 0 0 0 0
1397433600 0 0 0 0
1397347200 0 0 0 0
1397260800 0 0 0 0
1397174400 0 0 0 0
1397088000 0 0 0 0
1397001600 0 0 0 0
1396915200 0 0 0 0
1396828800 0 0 0 0
1396742400 0 0 0 0
1396656000 0 0 0 0
1396569600 0 0 0 0
1396483200 0 0 0 0
1396396800 0 0 0 0
1396310400 0 0 0 0
1396224000 0 0 0 0
1396137600 0 0 0 0
1396051200 0 0 0 0
1395964800 0 0 0 0
1395878400 0 0 0 0
1395792000 0 0 0 0
1395705600 0 0 0 0
1395619200 0 0 0 0
1395532800 0 0 0 0
1395446400 0 0 0 0
1395360000 0 0 0 0
1395273600 0 0 0 0
1395187200 0 0 0 0
1395100800 0 0 0 0
1395014400 0 0 0 0
1394928000 0 0 0 0
1394841600 0 0 0 0
1394755200 0 0 0 0
1394668800 0 0 0 0
1394582400 0 0 0 0
1394496000 0 0 0 0
1394409600 0 0 0 0
1394323200 0 0 0 0
1394236800 0 0 0 0
1394150400 0 0 0 0
1394064000 0 0 0 0
1393977600 0 0 0 0
1393891200 0 0 0 0
1393804800 0 0 0 0
1393718400 0 0 0 0
1393632000 0 0 0 0
1393545600 0 0 0 0
1393459200 0 0 0 0
1393372800 0 0 0 0
1393286400 0 0 0 0
1393200000 0 0 0 0
1393113600 0 0 0 0
1393027200 0 0 0 0
1392940800 0 0 0 0
1392854400 0 0 0 0
1392768000 0 0 0 0
1392681600 0 0 0 0
1392595200 0 0 0 0
1392508800 0 0 0 0
1392422400 0 0 0 0
1392336000 0 0 0 0
1392249600 0 0 0 0
1392163200 0 0 0 0
1392076800 0 0 0 0
1391990400 0 0 0 0
1391904000 0 0 0 0
1391817600 0 0 0 0
1391731200 0 0 0 0
1391644800 0 0 0 0
1391558400 0 0 0 0
1391472000 0 0 0 0
1391385600 0 0 0 0
1391299200 0 0 0 0
1391212800 0 0 0 0
1391126400 0 0 0 0
1391040000 0 0 0 0
1390953600 0 0 0 0
1390867200 0 0 0 0
1390780800 0 0 0 0
1390694400 0 0 0 0
1390608000 0 0 0 0
1390521600 0 0 0 0
1390435200 0 0 0 0